{"success":true,"results":{"Julio 2025 (específico)":{"success":true,"count":10,"pagination":{"page":1,"page_size":10,"total_results":2287}},"Junio 2025 (específico)":{"success":true,"count":10,"pagination":{"page":1,"page_size":10,"total_results":2287}},"Año 2024 completo":{"success":true,"count":10,"pagination":{"page":1,"page_size":10,"total_results":2287}},"Año 2023 completo":{"success":true,"count":10,"pagination":{"page":1,"page_size":10,"total_results":2287}},"Filtro por fecha (date) Julio 2025":{"success":true,"count":10,"pagination":{"page":1,"page_size":10,"total_results":2287}},"Filtro por fecha (date) Junio 2025":{"success":true,"count":10,"pagination":{"page":1,"page_size":10,"total_results":2287}},"Sin filtros de fecha":{"success":true,"count":10,"pagination":{"page":1,"page_size":10,"total_results":2287}},"Filtro por ID de documento":{"success":true,"count":10,"pagination":{"page":1,"page_size":10,"total_results":2287}},"Filtro por estado":{"success":true,"count":10,"pagination":{"page":1,"page_size":10,"total_results":2287}},"API_Consistency_Test":{"success":true,"sameCount":true,"count1":10,"count2":10,"sameFirstId":true}},"summary":{"monthsWithData":[{"month":"Julio 2025 (específico)","count":10,"pagination":{"page":1,"page_size":10,"total_results":2287}},{"month":"Junio 2025 (específico)","count":10,"pagination":{"page":1,"page_size":10,"total_results":2287}},{"month":"Año 2024 completo","count":10,"pagination":{"page":1,"page_size":10,"total_results":2287}},{"month":"Año 2023 completo","count":10,"pagination":{"page":1,"page_size":10,"total_results":2287}},{"month":"Filtro por fecha (date) Julio 2025","count":10,"pagination":{"page":1,"page_size":10,"total_results":2287}},{"month":"Filtro por fecha (date) Junio 2025","count":10,"pagination":{"page":1,"page_size":10,"total_results":2287}},{"month":"Sin filtros de fecha","count":10,"pagination":{"page":1,"page_size":10,"total_results":2287}},{"month":"Filtro por ID de documento","count":10,"pagination":{"page":1,"page_size":10,"total_results":2287}},{"month":"Filtro por estado","count":10,"pagination":{"page":1,"page_size":10,"total_results":2287}}],"monthsWithoutData":[],"monthsWithErrors":[]}}